File "old_on_read_only.mli", line 3, characters 20-21:
Warning
There is a reference to old `a`, but is it read only.
