File "old_on_read_only_inside_array.mli", line 3, characters 20-25:
Warning
There is a reference to old `a`, but is it read only.
