
*******************************
********** Parsed file ********
*******************************
type 'a t
val f : 'a t -> 'b t -> int[@@gospel {| comparison |}]

*******************************
****** GOSPEL translation *****
*******************************
(*@ open Gospelstdlib *)

type 'a t
  

val f : 'a t -> 'b t -> int
(*@ comparison
     *)
File "comp_type_arg.mli", lines 3-4, characters 0-27:
Error: Type checking error: type is incompatible with equality clause
