
*******************************
********** Parsed file ********
*******************************
val f : int -> string -> int[@@gospel {| comparison |}]

*******************************
****** GOSPEL translation *****
*******************************
(*@ open Gospelstdlib *)

val f : int -> string -> int
(*@ comparison
     *)
File "comp_wrong_args.mli", lines 1-2, characters 0-27:
Error: Type checking error: type is incompatible with equality clause
