
*******************************
********** Parsed file ********
*******************************
val f : 'a -> 'a -> int[@@gospel {| comparison |}]

*******************************
****** GOSPEL translation *****
*******************************
(*@ open Gospelstdlib *)

val f : 'a -> 'a -> int
(*@ comparison
     *)
File "comp_polymorphic_equality.mli", lines 1-2, characters 0-27:
Error: Type checking error: type is incompatible with equality clause
