
*******************************
********** Parsed file ********
*******************************
val f : int -> int -> string[@@gospel {| comparison |}]

*******************************
****** GOSPEL translation *****
*******************************
(*@ open Gospelstdlib *)

val f : int -> int -> string
(*@ comparison
     *)
File "comp_wrong_ret.mli", lines 1-2, characters 0-27:
Error: Type checking error: type is incompatible with equality clause
