
*******************************
********** Parsed file ********
*******************************
val f : int -> int -> int -> int[@@gospel {| comparison |}]

*******************************
****** GOSPEL translation *****
*******************************
(*@ open Gospelstdlib *)

val f : int -> int -> int -> int
(*@ comparison
     *)
File "comp_wrong_arg_number.mli", lines 1-2, characters 0-27:
Error: Type checking error: type is incompatible with equality clause
