
*******************************
********** Parsed file ********
*******************************
val f : int -> int -> int -> bool[@@gospel {| equality |}]

*******************************
****** GOSPEL translation *****
*******************************
(*@ open Gospelstdlib *)

val f : int -> int -> int -> bool
(*@ equality
     *)
File "wrong_arg_number.mli", lines 1-2, characters 0-25:
Error: Type checking error: type is incompatible with equality clause
