
*******************************
********** Parsed file ********
*******************************
type 'a t
val f : 'a t -> 'a t -> ('a -> 'a -> bool) -> bool[@@gospel {| equality |}]

*******************************
****** GOSPEL translation *****
*******************************
(*@ open Gospelstdlib *)

type 'a t
  

val f : 'a t -> 'a t -> ('a -> 'a -> bool) -> bool
(*@ equality
     *)
File "wrong_order.mli", lines 3-4, characters 0-25:
Error: Type checking error: type is incompatible with equality clause
