
*******************************
********** Parsed file ********
*******************************
val f : int -> string -> bool[@@gospel {| equality |}]

*******************************
****** GOSPEL translation *****
*******************************
(*@ open Gospelstdlib *)

val f : int -> string -> bool
(*@ equality
     *)
File "wrong_args.mli", lines 1-2, characters 0-25:
Error: Type checking error: type is incompatible with equality clause
