
*******************************
********** Parsed file ********
*******************************
val (==) : 'a -> 'a -> bool[@@gospel
                             {| r = (==) x y
      ensures r <-> x = y |}]

*******************************
****** GOSPEL translation *****
*******************************
(*@ open Gospelstdlib *)

val (==) : 'a -> 'a -> bool
(*@ r = infix == x y
    ensures ...
     *)

*******************************
********* Typed GOSPEL ********
*******************************
module infix.mli

  Namespace: infix.mli
    Type symbols
      
    Logic Symbols
      
    Exception Symbols
      
    Namespaces
      
    Type Namespaces
      
  Signatures
    (*@ open Gospelstdlib *)
    
    val == : 'a -> 'a -> bool
    (*@ r:bool = == x:'a y:'a
        ensures (r:bool = (True ):bool):prop <-> (x:'a = y:'a):prop*)

OK
